
> @workspace/mockup-sandbox@2.0.0 typecheck G:\Assab-main\artifacts\mockup-sandbox
> tsc -p tsconfig.json --noEmit

